com\bytes\utils\User.class
com\bytes\service\WorkServiceImp.class
com\bytes\controller\TaskController.class
com\bytes\service\SuperAdminService.class
com\bytes\repo\SuperAdminRepository.class
com\bytes\main\TaskManagementSystemApplication.class
com\bytes\controller\WorkController.class
com\bytes\service\UserServiceImpl.class
com\bytes\service\LoginServiceImpl.class
com\bytes\repo\UserRepository.class
com\bytes\service\WorkService.class
com\bytes\utils\SuperAdmin.class
com\bytes\utils\Work.class
META-INF\MANIFEST.MF
com\bytes\repo\LoginRepository.class
com\bytes\service\UserRoleImpl.class
com\bytes\service\LoginService.class
com\bytes\utils\UserRole.class
com\bytes\utils\Login.class
com\bytes\repo\UserRoleRepository.class
com\bytes\service\SuperAdminServiceImpl.class
com\bytes\repo\TaskRepository.class
com\bytes\controller\LoginController.class
com\bytes\controller\SuperAdminController.class
com\bytes\service\UserRoleService.class
com\bytes\service\TaskServiceImpl.class
com\bytes\service\TaskService.class
com\bytes\controller\UserController.class
com\bytes\service\UserService.class
com\bytes\controller\UserRoleController.class
com\bytes\repo\WorkRepository.class
com\bytes\utils\Task.class
