C:\STS\TASK_MANAGEMENT_SYSTEM\src\main\java\com\bytes\service\WorkService.java
C:\STS\TASK_MANAGEMENT_SYSTEM\src\main\java\com\bytes\repo\TaskRepository.java
C:\STS\TASK_MANAGEMENT_SYSTEM\src\main\java\com\bytes\utils\ReturnTasksWithScore.java
C:\STS\TASK_MANAGEMENT_SYSTEM\src\main\java\com\bytes\utils\TaskPriorityCalculator.java
C:\STS\TASK_MANAGEMENT_SYSTEM\src\main\java\com\bytes\controller\UserController.java
C:\STS\TASK_MANAGEMENT_SYSTEM\src\main\java\com\bytes\repo\WorkRepository.java
C:\STS\TASK_MANAGEMENT_SYSTEM\src\main\java\com\bytes\utils\Login.java
C:\STS\TASK_MANAGEMENT_SYSTEM\src\main\java\com\bytes\utils\Work.java
C:\STS\TASK_MANAGEMENT_SYSTEM\src\main\java\com\bytes\service\TaskService.java
C:\STS\TASK_MANAGEMENT_SYSTEM\src\main\java\com\bytes\controller\LoginController.java
C:\STS\TASK_MANAGEMENT_SYSTEM\src\main\java\com\bytes\service\SuperAdminService.java
C:\STS\TASK_MANAGEMENT_SYSTEM\src\main\java\com\bytes\service\UserService.java
C:\STS\TASK_MANAGEMENT_SYSTEM\src\main\java\com\bytes\service\UserRoleService.java
C:\STS\TASK_MANAGEMENT_SYSTEM\src\main\java\com\bytes\service\WorkServiceImp.java
C:\STS\TASK_MANAGEMENT_SYSTEM\src\main\java\com\bytes\service\SuperAdminServiceImpl.java
C:\STS\TASK_MANAGEMENT_SYSTEM\src\main\java\com\bytes\main\TaskManagementSystemApplication.java
C:\STS\TASK_MANAGEMENT_SYSTEM\src\main\java\com\bytes\service\UserServiceImpl.java
C:\STS\TASK_MANAGEMENT_SYSTEM\src\main\java\com\bytes\service\TaskServiceImpl.java
C:\STS\TASK_MANAGEMENT_SYSTEM\src\main\java\com\bytes\utils\User.java
C:\STS\TASK_MANAGEMENT_SYSTEM\src\main\java\com\bytes\controller\SuperAdminController.java
C:\STS\TASK_MANAGEMENT_SYSTEM\src\main\java\com\bytes\controller\UserRoleController.java
C:\STS\TASK_MANAGEMENT_SYSTEM\src\main\java\com\bytes\utils\SuperAdmin.java
C:\STS\TASK_MANAGEMENT_SYSTEM\src\main\java\com\bytes\repo\UserRepository.java
C:\STS\TASK_MANAGEMENT_SYSTEM\src\main\java\com\bytes\service\LoginServiceImpl.java
C:\STS\TASK_MANAGEMENT_SYSTEM\src\main\java\com\bytes\repo\SuperAdminRepository.java
C:\STS\TASK_MANAGEMENT_SYSTEM\src\main\java\com\bytes\controller\TaskController.java
C:\STS\TASK_MANAGEMENT_SYSTEM\src\main\java\com\bytes\repo\LoginRepository.java
C:\STS\TASK_MANAGEMENT_SYSTEM\src\main\java\com\bytes\utils\Task.java
C:\STS\TASK_MANAGEMENT_SYSTEM\src\main\java\com\bytes\controller\WorkController.java
C:\STS\TASK_MANAGEMENT_SYSTEM\src\main\java\com\bytes\service\LoginService.java
C:\STS\TASK_MANAGEMENT_SYSTEM\src\main\java\com\bytes\service\UserRoleImpl.java
C:\STS\TASK_MANAGEMENT_SYSTEM\src\main\java\com\bytes\repo\UserRoleRepository.java
C:\STS\TASK_MANAGEMENT_SYSTEM\src\main\java\com\bytes\utils\UserRole.java
